add t1/bg ok
add t1/vignette ok
add t1/ft ok
add t1/fb ok
add t1/fl ok
add t1/fr ok
add t1/w1 ok
add t1/w2 ok
add t1/w3 ok
add t1/w4 ok
add t1/w5 ok
add t1/tile1 ok
add t1/logo1 ok
add t1/cap1 ok
add t1/tile2 ok
add t1/logo2 ok
add t1/cap2 ok
add t1/tile3 ok
add t1/logo3 ok
add t1/cap3 ok
add t1/tile4 ok
add t1/logo4 ok
add t1/cap4 ok
add t1/tile5 ok
add t1/logo5 ok
add t1/cap5 ok
add t1/tagframe ok
add t1/tag ok
add t1/title ok
add t1/badge ok
add t1/mark ok
add t1/side ok
add t2/bg ok
add t2/panel ok
add t2/panelglow ok
add t2/kenny ok
add t2/mic ok
add t2/mark ok
add t2/inside ok
add t2/jevbar ok
add t2/jev ok
add t2/sub ok
add t2/underline ok
add t2/scrawl ok
add t3/bg ok
add t3/beams ok
add t3/boxglow ok
add t3/tile1 ok
add t3/icon1 ok
add t3/tile2 ok
add t3/icon2 ok
add t3/tile3 ok
add t3/icon3 ok
add t3/chip ok
add t4/bg ok
add t4/fade ok
add t4/contours ok
add t4/kenny ok
add t4/l1 ok
add t4/l2 ok
add t4/l3 ok
add t4/pill ok
add t4/brandmark ok
add t4/brand ok
add t5/bg ok
add t5/officefade ok
add t5/office ok
add t5/holo ok
add t5/wall ok
add t5/wallcopy ok
add t5/kenny ok
add t5/ai ok
add t5/changing ok
add t5/rule ok
add t5/bullets ok
add t5/card ok
add t5/name ok
add t5/role ok
add t6/maze ok
add t6/glow ok
add t6/title ok
add t6/table ok
add t6/kenny ok
add t6/bandmask ok
add t6/band ok
add t6/edge ok
add t7/base ok
add t7/face ok
add t7/vignette ok
add t7/v2 ok
add t7/v4 ok
add t7/v5 ok
add t7/v3 ok
add t7/v1 ok
add t7/v6 ok
add folder/tab ok
add folder/slot ok
add folder/body ok
add t8/bg ok
add t8/folderfall ok
add t8/folder ok
add t8/axis ok
add t8/bigbar ok
add t8/smallbar ok
add t8/p1 ok
add t8/p2 ok
add t8/lab1 ok
add t8/u1 ok
add t8/lab2 ok
add t8/u2 ok
add t8/labmark ok
add t8/kenny ok
